// Jest Snapshot v1, https://goo.gl/fbAQLP

exports[`Header renders correctly 1`] = `
ShallowWrapper {
  "length": 1,
  Symbol(enzyme.__root__): [Circular],
  Symbol(enzyme.__unrendered__): <Header />,
  Symbol(enzyme.__renderer__): Object {
    "batchedUpdates": [Function],
    "getNode": [Function],
    "render": [Function],
    "simulateEvent": [Function],
    "unmount": [Function],
  },
  Symbol(enzyme.__node__): Object {
    "instance": null,
    "key": undefined,
    "nodeType": "class",
    "props": Object {
      "bsStyle": "default",
      "children": Array [
        <NavbarHeader>
          <NavbarBrand>
                    <NavbarLink
                              componentClass="a"
                              href="/"
                              pullLeft={false}
                              pullRight={false}
                    >
                               Cryptocurrencies 
                              <Badge
                                        bsClass="badge"
                                        pullRight={false}
                              >
                                        100
                              </Badge>
                               
                    </NavbarLink>
          </NavbarBrand>
</NavbarHeader>,
        <Nav
          bsClass="nav"
          justified={false}
          pullLeft={false}
          pullRight={false}
          stacked={false}
>
          <NavItem
                    active={false}
                    disabled={false}
                    href="/settings"
          >
                     Settings 
          </NavItem>
</Nav>,
      ],
    },
    "ref": null,
    "rendered": Array [
      Object {
        "instance": null,
        "key": undefined,
        "nodeType": "class",
        "props": Object {
          "children": <NavbarBrand>
            <NavbarLink
                        componentClass="a"
                        href="/"
                        pullLeft={false}
                        pullRight={false}
            >
                         Cryptocurrencies 
                        <Badge
                                    bsClass="badge"
                                    pullRight={false}
                        >
                                    100
                        </Badge>
                         
            </NavbarLink>
</NavbarBrand>,
        },
        "ref": null,
        "rendered": Object {
          "instance": null,
          "key": undefined,
          "nodeType": "class",
          "props": Object {
            "children": <NavbarLink
              componentClass="a"
              href="/"
              pullLeft={false}
              pullRight={false}
>
               Cryptocurrencies 
              <Badge
                            bsClass="badge"
                            pullRight={false}
              >
                            100
              </Badge>
               
</NavbarLink>,
          },
          "ref": null,
          "rendered": Object {
            "instance": null,
            "key": undefined,
            "nodeType": "function",
            "props": Object {
              "children": Array [
                " Cryptocurrencies ",
                <Badge
                  bsClass="badge"
                  pullRight={false}
>
                  100
</Badge>,
                " ",
              ],
              "componentClass": "a",
              "href": "/",
              "pullLeft": false,
              "pullRight": false,
            },
            "ref": null,
            "rendered": Array [
              " Cryptocurrencies ",
              Object {
                "instance": null,
                "key": undefined,
                "nodeType": "class",
                "props": Object {
                  "bsClass": "badge",
                  "children": "100",
                  "pullRight": false,
                },
                "ref": null,
                "rendered": "100",
                "type": [Function],
              },
              " ",
            ],
            "type": [Function],
          },
          "type": [Function],
        },
        "type": [Function],
      },
      Object {
        "instance": null,
        "key": undefined,
        "nodeType": "class",
        "props": Object {
          "bsClass": "nav",
          "children": <NavItem
            active={false}
            disabled={false}
            href="/settings"
>
             Settings 
</NavItem>,
          "justified": false,
          "pullLeft": false,
          "pullRight": false,
          "stacked": false,
        },
        "ref": null,
        "rendered": Object {
          "instance": null,
          "key": undefined,
          "nodeType": "class",
          "props": Object {
            "active": false,
            "children": " Settings ",
            "disabled": false,
            "href": "/settings",
          },
          "ref": null,
          "rendered": " Settings ",
          "type": [Function],
        },
        "type": [Function],
      },
    ],
    "type": [Function],
  },
  Symbol(enzyme.__nodes__): Array [
    Object {
      "instance": null,
      "key": undefined,
      "nodeType": "class",
      "props": Object {
        "bsStyle": "default",
        "children": Array [
          <NavbarHeader>
            <NavbarBrand>
                        <NavbarLink
                                    componentClass="a"
                                    href="/"
                                    pullLeft={false}
                                    pullRight={false}
                        >
                                     Cryptocurrencies 
                                    <Badge
                                                bsClass="badge"
                                                pullRight={false}
                                    >
                                                100
                                    </Badge>
                                     
                        </NavbarLink>
            </NavbarBrand>
</NavbarHeader>,
          <Nav
            bsClass="nav"
            justified={false}
            pullLeft={false}
            pullRight={false}
            stacked={false}
>
            <NavItem
                        active={false}
                        disabled={false}
                        href="/settings"
            >
                         Settings 
            </NavItem>
</Nav>,
        ],
      },
      "ref": null,
      "rendered": Array [
        Object {
          "instance": null,
          "key": undefined,
          "nodeType": "class",
          "props": Object {
            "children": <NavbarBrand>
              <NavbarLink
                            componentClass="a"
                            href="/"
                            pullLeft={false}
                            pullRight={false}
              >
                             Cryptocurrencies 
                            <Badge
                                          bsClass="badge"
                                          pullRight={false}
                            >
                                          100
                            </Badge>
                             
              </NavbarLink>
</NavbarBrand>,
          },
          "ref": null,
          "rendered": Object {
            "instance": null,
            "key": undefined,
            "nodeType": "class",
            "props": Object {
              "children": <NavbarLink
                componentClass="a"
                href="/"
                pullLeft={false}
                pullRight={false}
>
                 Cryptocurrencies 
                <Badge
                                bsClass="badge"
                                pullRight={false}
                >
                                100
                </Badge>
                 
</NavbarLink>,
            },
            "ref": null,
            "rendered": Object {
              "instance": null,
              "key": undefined,
              "nodeType": "function",
              "props": Object {
                "children": Array [
                  " Cryptocurrencies ",
                  <Badge
                    bsClass="badge"
                    pullRight={false}
>
                    100
</Badge>,
                  " ",
                ],
                "componentClass": "a",
                "href": "/",
                "pullLeft": false,
                "pullRight": false,
              },
              "ref": null,
              "rendered": Array [
                " Cryptocurrencies ",
                Object {
                  "instance": null,
                  "key": undefined,
                  "nodeType": "class",
                  "props": Object {
                    "bsClass": "badge",
                    "children": "100",
                    "pullRight": false,
                  },
                  "ref": null,
                  "rendered": "100",
                  "type": [Function],
                },
                " ",
              ],
              "type": [Function],
            },
            "type": [Function],
          },
          "type": [Function],
        },
        Object {
          "instance": null,
          "key": undefined,
          "nodeType": "class",
          "props": Object {
            "bsClass": "nav",
            "children": <NavItem
              active={false}
              disabled={false}
              href="/settings"
>
               Settings 
</NavItem>,
            "justified": false,
            "pullLeft": false,
            "pullRight": false,
            "stacked": false,
          },
          "ref": null,
          "rendered": Object {
            "instance": null,
            "key": undefined,
            "nodeType": "class",
            "props": Object {
              "active": false,
              "children": " Settings ",
              "disabled": false,
              "href": "/settings",
            },
            "ref": null,
            "rendered": " Settings ",
            "type": [Function],
          },
          "type": [Function],
        },
      ],
      "type": [Function],
    },
  ],
  Symbol(enzyme.__options__): Object {
    "adapter": ReactSixteenAdapter {
      "options": Object {
        "enableComponentDidUpdateOnSetState": true,
      },
    },
    "disableLifecycleMethods": true,
  },
}
`;
